{
  "WoodpeckerBackend": "local",
  "WoodpeckerAgentHostName": "",
  "WoodpeckerFilterLabels": null,
  "CiMachine": "worker",
  "CiSystemPlatform": "linux/amd64",
  "CiSystemName": "self-system",
  "CiSystemUrl": "https://self-system.domain.com",
  "CiSystemHost": "self-system.domain.com",
  "CiSystemVersion": "v1.0.0"
}