{
  "CiStepName": "checkout",
  "CiStepNumber": "0",
  "CiStepStatus": "success",
  "CiStepStarted": 1705658156,
  "CiStepStartedT": "2024-01-19-09-55-56",
  "CiStepFinished": 1705658166,
  "CiStepFinishedT": "2024-01-19-09-56-06",
  "CiStepUrl": "https://woodpecker.domain.com/repos/2/pipeline/10"
}