{
  "CiPipelineFiles": "",
  "CiPipelineNumber": "10",
  "CiPipelineParent": "0",
  "CiPipelineEvent": "push",
  "CiPipelineUrl": "https://woodpecker.domain.com/repos/2/pipeline/10",
  "CiPipelineForgeUrl": "https://gitea.domain.com/woodpecker-kit/guidance-woodpecker-agent/commit/9c764dd487bce596c5c0402478fabde5f0344983",
  "CiPipelineDeployTarget": "",
  "CiPipelineStatus": "success",
  "CiPipelineCreated": 1705658141,
  "CiPipelineCreatedT": "2024-01-19-09-55-41",
  "CiPipelineStarted": 1705658156,
  "CiPipelineStartedT": "2024-01-19-09-55-56",
  "CiPipelineFinished": 0,
  "CiPipelineFinishedT": "",
  "CiPipelineDurationHuman": "377d 16h 41m 10s"
}